---
source: crates/css_ast/tests/postcss_snapshots.rs
expression: result.output.unwrap()
---
{
  "type": "stylesheet",
  "rules": [
    {
      "type": "QualifiedRule",
      "prelude": [
        [
          [
            {
              "type": "tag",
              "value": {
                "Html": {
                  "A": {
                    "kind": "Ident",
                    "offset": 0,
                    "len": 1
                  }
                }
              }
            }
          ],
          null
        ]
      ],
      "block": {
        "open_curly": {
          "kind": "LeftCurly",
          "offset": 2,
          "len": 1
        },
        "declarations": [
          {
            "type": "Declaration",
            "name": {
              "kind": "Ident",
              "offset": 5,
              "len": 5
            },
            "colon": {
              "kind": "Colon",
              "offset": 10,
              "len": 1
            },
            "value": {
              "Named": {
                "Black": {
                  "kind": "Ident",
                  "offset": 12,
                  "len": 5
                }
              }
            },
            "important": null,
            "semicolon": null
          }
        ],
        "rules": [],
        "close_curly": {
          "kind": "RightCurly",
          "offset": 18,
          "len": 1
        }
      }
    }
  ]
}
