---
source: crates/csskit_ast/tests/postcss_snapshots.rs
expression: result.output.unwrap()
---
{
  "type": "stylesheet",
  "rules": []
}
