---
source: crates/css_ast/tests/postcss_snapshots.rs
expression: result.output.unwrap()
---
{
  "type": "stylesheet",
  "rules": [
    {
      "name": {
        "kind": "AtKeyword",
        "offset": 0,
        "len": 9
      },
      "prelude": {
        "type": "Is",
        "value": {
          "Property": [
            {
              "kind": "LeftParen",
              "offset": 10,
              "len": 1
            },
            {
              "type": "Declaration",
              "name": {
                "kind": "Ident",
                "offset": 11,
                "len": 14
              },
              "colon": {
                "kind": "Colon",
                "offset": 25,
                "len": 1
              },
              "value": {
                "values": [
                  {
                    "kind": "Whitespace",
                    "offset": 26,
                    "len": 1
                  },
                  {
                    "kind": "Ident",
                    "offset": 27,
                    "len": 4
                  }
                ]
              },
              "important": null,
              "semicolon": null
            },
            {
              "kind": "RightParen",
              "offset": 31,
              "len": 1
            }
          ]
        }
      },
      "block": {
        "type": "RuleList",
        "open_curly": {
          "kind": "LeftCurly",
          "offset": 33,
          "len": 1
        },
        "rules": [
          {
            "name": {
              "kind": "AtKeyword",
              "offset": 39,
              "len": 17
            },
            "prelude": {
              "values": [
                {
                  "kind": "Whitespace",
                  "offset": 56,
                  "len": 1
                },
                {
                  "kind": "Ident",
                  "offset": 57,
                  "len": 4
                },
                {
                  "kind": "Whitespace",
                  "offset": 61,
                  "len": 1
                },
                {
                  "type": "SimpleBlock",
                  "open": {
                    "kind": "LeftCurly",
                    "offset": 62,
                    "len": 1
                  },
                  "values": {
                    "values": [
                      {
                        "kind": "Whitespace",
                        "offset": 63,
                        "len": 9
                      },
                      {
                        "kind": "Ident",
                        "offset": 72,
                        "len": 4
                      },
                      {
                        "kind": "Whitespace",
                        "offset": 76,
                        "len": 1
                      },
                      {
                        "type": "SimpleBlock",
                        "open": {
                          "kind": "LeftCurly",
                          "offset": 77,
                          "len": 1
                        },
                        "values": {
                          "values": [
                            {
                              "kind": "Whitespace",
                              "offset": 78,
                              "len": 13
                            },
                            {
                              "kind": "Ident",
                              "offset": 91,
                              "len": 5
                            },
                            {
                              "kind": "Colon",
                              "offset": 96,
                              "len": 1
                            },
                            {
                              "kind": "Whitespace",
                              "offset": 97,
                              "len": 1
                            },
                            {
                              "kind": "Ident",
                              "offset": 98,
                              "len": 5
                            },
                            {
                              "kind": "Semicolon",
                              "offset": 103,
                              "len": 1
                            }
                          ]
                        },
                        "close": {
                          "kind": "RightCurly",
                          "offset": 113,
                          "len": 1
                        }
                      },
                      {
                        "kind": "Whitespace",
                        "offset": 114,
                        "len": 9
                      },
                      {
                        "kind": "Ident",
                        "offset": 123,
                        "len": 2
                      },
                      {
                        "kind": "Whitespace",
                        "offset": 125,
                        "len": 1
                      },
                      {
                        "type": "SimpleBlock",
                        "open": {
                          "kind": "LeftCurly",
                          "offset": 126,
                          "len": 1
                        },
                        "values": {
                          "values": [
                            {
                              "kind": "Whitespace",
                              "offset": 127,
                              "len": 13
                            },
                            {
                              "kind": "Ident",
                              "offset": 140,
                              "len": 5
                            },
                            {
                              "kind": "Colon",
                              "offset": 145,
                              "len": 1
                            },
                            {
                              "kind": "Whitespace",
                              "offset": 146,
                              "len": 1
                            },
                            {
                              "kind": "Ident",
                              "offset": 147,
                              "len": 5
                            }
                          ]
                        },
                        "close": {
                          "kind": "RightCurly",
                          "offset": 161,
                          "len": 1
                        }
                      }
                    ]
                  },
                  "close": {
                    "kind": "RightCurly",
                    "offset": 167,
                    "len": 1
                  }
                }
              ]
            },
            "block": {
              "values": []
            },
            "semicolon": null
          }
        ],
        "close_curly": {
          "kind": "RightCurly",
          "offset": 169,
          "len": 1
        }
      },
      "semicolon": null
    },
    {
      "name": {
        "kind": "AtKeyword",
        "offset": 172,
        "len": 8
      },
      "prelude": {
        "values": [
          {
            "kind": "Whitespace",
            "offset": 180,
            "len": 1
          },
          {
            "name": {
              "kind": "Function",
              "offset": 181,
              "len": 9
            },
            "parameters": {
              "values": [
                {
                  "kind": "Colon",
                  "offset": 190,
                  "len": 1
                },
                {
                  "kind": "Ident",
                  "offset": 191,
                  "len": 13
                }
              ]
            },
            "close": {
              "kind": "RightParen",
              "offset": 204,
              "len": 1
            }
          },
          {
            "kind": "Whitespace",
            "offset": 205,
            "len": 1
          },
          {
            "type": "SimpleBlock",
            "open": {
              "kind": "LeftCurly",
              "offset": 206,
              "len": 1
            },
            "values": {
              "values": [
                {
                  "kind": "Whitespace",
                  "offset": 207,
                  "len": 3
                },
                {
                  "kind": "Ident",
                  "offset": 210,
                  "len": 1
                },
                {
                  "kind": "Colon",
                  "offset": 211,
                  "len": 1
                },
                {
                  "kind": "Ident",
                  "offset": 212,
                  "len": 13
                },
                {
                  "kind": "Whitespace",
                  "offset": 225,
                  "len": 1
                },
                {
                  "type": "SimpleBlock",
                  "open": {
                    "kind": "LeftCurly",
                    "offset": 226,
                    "len": 1
                  },
                  "values": {
                    "values": [
                      {
                        "kind": "Whitespace",
                        "offset": 227,
                        "len": 5
                      },
                      {
                        "kind": "Ident",
                        "offset": 232,
                        "len": 10
                      },
                      {
                        "kind": "Colon",
                        "offset": 242,
                        "len": 1
                      },
                      {
                        "kind": "Whitespace",
                        "offset": 243,
                        "len": 1
                      },
                      {
                        "kind": "Ident",
                        "offset": 244,
                        "len": 6
                      },
                      {
                        "kind": "Semicolon",
                        "offset": 250,
                        "len": 1
                      }
                    ]
                  },
                  "close": {
                    "kind": "RightCurly",
                    "offset": 254,
                    "len": 1
                  }
                }
              ]
            },
            "close": {
              "kind": "RightCurly",
              "offset": 256,
              "len": 1
            }
          }
        ]
      },
      "block": {
        "values": []
      },
      "semicolon": null
    }
  ]
}
