---
source: crates/hdx_lexer/tests/postcss_snapshots.rs
expression: tokens
---
[
  {
    "kind": "AtKeyword",
    "offset": 0,
    "len": 14
  },
  {
    "kind": "Function",
    "offset": 38,
    "len": 4
  },
  {
    "kind": "String",
    "offset": 42,
    "len": 15
  },
  {
    "kind": "RightParen",
    "offset": 57,
    "len": 1
  },
  {
    "kind": "LeftCurly",
    "offset": 67,
    "len": 1
  },
  {
    "kind": "RightCurly",
    "offset": 68,
    "len": 1
  }
]
