---
source: crates/hdx_ast/tests/postcss_snapshots.rs
expression: result.output.unwrap()
---
{
  "node": {
    "type": "stylesheet",
    "rules": [
      {
        "node": {
          "type": "Page",
          "selectors": null,
          "style": {
            "node": {
              "type": "PageDeclaration",
              "properties": [],
              "rules": []
            },
            "start": 5,
            "end": 8
          }
        },
        "start": 0,
        "end": 8
      }
    ]
  },
  "start": 0,
  "end": 8
}
