---
source: crates/css_lexer/tests/postcss_snapshots.rs
expression: tokens
---
[]
