---
source: crates/csskit_lexer/tests/postcss_snapshots.rs
expression: tokens
---
[
  {
    "kind": "LeftCurly",
    "len": 1
  },
  {
    "kind": "RightCurly",
    "len": 1
  }
]
