---
source: crates/csskit_proc_macro/src/test.rs
expression: pretty
---
::css_parse::keyword_set!(FooKeywords { Keyword : "keyword", });
#[derive(
    ::csskit_derives::IntoSpan,
    ::csskit_derives::ToCursors,
    Debug,
    Clone,
    PartialEq,
    Eq,
    PartialOrd,
    Ord,
    Hash
)]
#[cfg_attr(feature = "serde", derive(serde::Serialize), serde())]
enum Foo {
    Keyword(::css_parse::T![Ident]),
    Literal2(crate::CSSInt),
}
#[automatically_derived]
impl<'a> ::css_parse::Peek<'a> for Foo {
    fn peek(p: &::css_parse::Parser<'a>, c: ::css_lexer::Cursor) -> bool {
        use ::css_parse::Peek;
        <::css_parse::T![Ident]>::peek(p, c) || <crate::CSSInt>::peek(p, c)
    }
}
#[automatically_derived]
impl<'a> ::css_parse::Parse<'a> for Foo {
    fn parse(p: &mut ::css_parse::Parser<'a>) -> ::css_parse::Result<Self> {
        use ::css_parse::{Parse, Peek};
        if let Some(keyword) = p.parse_if_peek::<FooKeywords>()? {
            use ::css_parse::Build;
            match keyword {
                FooKeywords::Keyword(c) => {
                    return Ok(Self::Keyword(<::css_parse::T![Ident]>::build(p, c)));
                }
            }
        }
        if let Some(tk) = p.parse_if_peek::<crate::CSSInt>()? {
            match tk.into() {
                2i32 => {
                    return Ok(Self::Literal2(tk));
                }
                _ => {}
            }
        }
        let c: ::css_lexer::Cursor = p.parse::<::css_parse::T![Any]>()?.into();
        Err(::css_parse::diagnostics::Unexpected(c.into(), c.into()))?
    }
}
