---
source: crates/csskit_proc_macro/src/test.rs
expression: pretty
---
::css_parse::keyword_set!(FooKeywords { None : "none", });
#[derive(
    ::csskit_derives::ToSpan,
    ::csskit_derives::ToCursors,
    Debug,
    Clone,
    PartialEq,
    Eq,
    PartialOrd,
    Ord,
    Hash
)]
#[cfg_attr(feature = "serde", derive(serde::Serialize), serde())]
enum Foo {
    None(::css_parse::T![Ident]),
    CalcSizeFunction(crate::CalcSize),
}
#[automatically_derived]
impl<'a> ::css_parse::Peek<'a> for Foo {
    fn peek(p: &::css_parse::Parser<'a>, c: ::css_lexer::Cursor) -> bool {
        use ::css_parse::Peek;
        <::css_parse::T![Ident]>::peek(p, c) || <crate::CalcSize>::peek(p, c)
    }
}
#[automatically_derived]
impl<'a> ::css_parse::Parse<'a> for Foo {
    fn parse(p: &mut ::css_parse::Parser<'a>) -> ::css_parse::Result<Self> {
        use ::css_parse::{Parse, Peek};
        if let Some(keyword) = p.parse_if_peek::<FooKeywords>()? {
            use ::css_parse::Build;
            match keyword {
                FooKeywords::None(c) => {
                    return Ok(Self::None(<::css_parse::T![Ident]>::build(p, c)));
                }
            }
        }
        Ok(Self::CalcSizeFunction(p.parse::<crate::CalcSize>()?))
    }
}
