---
source: crates/csskit_proc_macro/src/test.rs
expression: pretty
---
::css_parse::keyword_set!(pub enum FooKeywords { Normal : "normal", });
#[derive(
    ::csskit_derives::ToSpan,
    ::csskit_derives::ToCursors,
    Debug,
    Clone,
    PartialEq,
    Eq,
    PartialOrd,
    Ord,
    Hash
)]
#[cfg_attr(feature = "serde", derive(serde::Serialize), serde())]
enum Foo {
    Normal(::css_parse::T![Ident]),
    SelfPosition(Option<crate::OverflowPosition>, crate::SelfPosition),
}
#[automatically_derived]
impl<'a> ::css_parse::Peek<'a> for Foo {
    fn peek(p: &::css_parse::Parser<'a>, c: ::css_lexer::Cursor) -> bool {
        use ::css_parse::Peek;
        <::css_parse::T![Ident]>::peek(p, c) || <crate::OverflowPosition>::peek(p, c)
            || <crate::SelfPosition>::peek(p, c)
    }
}
#[automatically_derived]
impl<'a> ::css_parse::Parse<'a> for Foo {
    fn parse(p: &mut ::css_parse::Parser<'a>) -> ::css_parse::Result<Self> {
        use ::css_parse::{Parse, Peek};
        match p.parse_if_peek::<FooKeywords>()? {
            Some(FooKeywords::Normal(ident)) => {
                return Ok(Self::Normal(ident));
            }
            None => {}
        }
        let combo0 = p.parse_if_peek::<crate::OverflowPosition>()?;
        let combo1 = p.parse::<crate::SelfPosition>()?;
        Ok(Self::SelfPosition(combo0, combo1))
    }
}
